Copyright 1986-2022 Xilinx, Inc. All Rights Reserved. Copyright 2022-2023 Advanced Micro Devices, Inc. All Rights Reserved.
---------------------------------------------------------------------------------------------------------------------------------------------
| Tool Version : Vivado v.2023.2 (win64) Build 4029153 Fri Oct 13 20:14:34 MDT 2023
| Date         : Wed Aug 14 16:45:31 2024
| Host         : Desktop-qUBECk running 64-bit major release  (build 9200)
| Command      : report_control_sets -verbose -file A7BoardTop_control_sets_placed.rpt
| Design       : A7BoardTop
| Device       : xc7a200t
---------------------------------------------------------------------------------------------------------------------------------------------

Control Set Information

Table of Contents
-----------------
1. Summary
2. Histogram
3. Flip-Flop Distribution
4. Detailed Control Set Information

1. Summary
----------

+----------------------------------------------------------+-------+
|                          Status                          | Count |
+----------------------------------------------------------+-------+
| Total control sets                                       |    78 |
|    Minimum number of control sets                        |    78 |
|    Addition due to synthesis replication                 |     0 |
|    Addition due to physical synthesis replication        |     0 |
| Unused register locations in slices containing registers |   201 |
+----------------------------------------------------------+-------+
* Control sets can be merged at opt_design using control_set_merge or merge_equivalent_drivers
** Run report_qor_suggestions for automated merging and remapping suggestions


2. Histogram
------------

+--------------------+-------+
|       Fanout       | Count |
+--------------------+-------+
| Total control sets |    78 |
| >= 0 to < 4        |     8 |
| >= 4 to < 6        |    10 |
| >= 6 to < 8        |     5 |
| >= 8 to < 10       |     6 |
| >= 10 to < 12      |     2 |
| >= 12 to < 14      |     6 |
| >= 14 to < 16      |     5 |
| >= 16              |    36 |
+--------------------+-------+
* Control sets can be remapped at either synth_design or opt_design


3. Flip-Flop Distribution
-------------------------

+--------------+-----------------------+------------------------+-----------------+--------------+
| Clock Enable | Synchronous Set/Reset | Asynchronous Set/Reset | Total Registers | Total Slices |
+--------------+-----------------------+------------------------+-----------------+--------------+
| No           | No                    | No                     |             261 |          101 |
| No           | No                    | Yes                    |               7 |            6 |
| No           | Yes                   | No                     |             221 |           91 |
| Yes          | No                    | No                     |             405 |          144 |
| Yes          | No                    | Yes                    |             105 |           36 |
| Yes          | Yes                   | No                     |             544 |          181 |
+--------------+-----------------------+------------------------+-----------------+--------------+


4. Detailed Control Set Information
-----------------------------------

+----------------------------+-----------------------------------------------------------------------------------------------------------------------------------------------------------+----------------------------------------------------------------------------------------------------------------------------------------------------+------------------+----------------+--------------+
|        Clock Signal        |                                                                       Enable Signal                                                                       |                                                                  Set/Reset Signal                                                                  | Slice Load Count | Bel Load Count | Bels / Slice |
+----------------------------+-----------------------------------------------------------------------------------------------------------------------------------------------------------+----------------------------------------------------------------------------------------------------------------------------------------------------+------------------+----------------+--------------+
|  reset_BUFG                |                                                                                                                                                           |                                                                                                                                                    |                1 |              1 |         1.00 |
|  clk_wiz_0Inst/inst/clk100 | tangerineSOCInst/sdramDMAInst/sdramCS_i_1_n_0                                                                                                             | reset_BUFG                                                                                                                                         |                1 |              1 |         1.00 |
|  clk_wiz_0Inst/inst/clk100 | tangerineSOCInst/sdramDMAInst/sdramA[10]_i_1_n_0                                                                                                          | reset_BUFG                                                                                                                                         |                1 |              1 |         1.00 |
| ~clk_wiz_0Inst/inst/clk50  |                                                                                                                                                           |                                                                                                                                                    |                1 |              1 |         1.00 |
|  clk_wiz_0Inst/inst/clk50  |                                                                                                                                                           | reset_BUFG                                                                                                                                         |                1 |              1 |         1.00 |
|  clk_wiz_0Inst/inst/clk100 | tangerineSOCInst/UARTInst/uartTXD_i_1_n_0                                                                                                                 | reset_BUFG                                                                                                                                         |                1 |              1 |         1.00 |
|  clk_wiz_0Inst/inst/clk100 | tangerineSOCInst/sdramDMAInst/sdramBA[1]_i_1_n_0                                                                                                          | reset_BUFG                                                                                                                                         |                1 |              2 |         2.00 |
|  clk_wiz_0Inst/inst/clk100 | tangerineSOCInst/sdramDMAInst/sdramCAS_i_1_n_0                                                                                                            | reset_BUFG                                                                                                                                         |                1 |              3 |         3.00 |
|  clk_wiz_0Inst/inst/clk50  | tangerineSOCInst/picorv32Inst/mem_addr[31]_i_1_n_0                                                                                                        | tangerineSOCInst/picorv32Inst/mem_wstrb[3]_i_1_n_0                                                                                                 |                1 |              4 |         4.00 |
|  clk_wiz_0Inst/inst/clk100 | tangerineSOCInst/sdramDMAInst/sdramDQM[3]_i_1_n_0                                                                                                         | reset_BUFG                                                                                                                                         |                1 |              4 |         4.00 |
|  clk_wiz_0Inst/inst/clk50  |                                                                                                                                                           | tangerineSOCInst/picorv32Inst/pcpi_div/instr_rem_i_1_n_0                                                                                           |                1 |              4 |         4.00 |
|  clk_wiz_0Inst/inst/clk25  | tangerineSOCInst/pixelGenInst/pgLetterYCount[3]_i_1_n_0                                                                                                   | reset_BUFG                                                                                                                                         |                1 |              4 |         4.00 |
|  clk_wiz_0Inst/inst/clk100 | tangerineSOCInst/UARTInst/rxdSyncInst/E[0]                                                                                                                | reset_BUFG                                                                                                                                         |                2 |              4 |         2.00 |
|  clk_wiz_0Inst/inst/clk100 | tangerineSOCInst/UARTInst/FSM_sequential_txState[3]_i_1_n_0                                                                                               | reset_BUFG                                                                                                                                         |                1 |              4 |         4.00 |
|  clk_wiz_0Inst/inst/clk50  | tangerineSOCInst/picorv32Inst/pcpi_timeout_counter[3]_i_2_n_0                                                                                             | tangerineSOCInst/picorv32Inst/pcpi_div/SS[0]                                                                                                       |                1 |              4 |         4.00 |
|  clk_wiz_0Inst/inst/clk50  | tangerineSOCInst/picorv32Inst/latched_rd[4]_i_1_n_0                                                                                                       | tangerineSOCInst/picorv32Inst/pcpi_mul/SR[0]                                                                                                       |                1 |              5 |         5.00 |
|  clk_wiz_0Inst/inst/clk50  | tangerineSOCInst/picorv32Inst/is_lui_auipc_jal_jalr_addi_add_sub0                                                                                         | tangerineSOCInst/picorv32Inst/instr_lhu_i_1_n_0                                                                                                    |                2 |              5 |         2.50 |
|  clk_wiz_0Inst/inst/clk25  | clk_wiz_0Inst/inst/locked                                                                                                                                 |                                                                                                                                                    |                3 |              5 |         1.67 |
|  clk_wiz_0Inst/inst/clk125 |                                                                                                                                                           | dvidInst/shift_red[9]_i_1_n_0                                                                                                                      |                4 |              6 |         1.50 |
|  clk_wiz_0Inst/inst/clk100 | tangerineSOCInst/sdramDMAInst/sdcState[5]_i_1_n_0                                                                                                         | reset_BUFG                                                                                                                                         |                6 |              6 |         1.00 |
|  clk_wiz_0Inst/inst/clk100 | tangerineSOCInst/picorv32Inst/ready_reg_0                                                                                                                 | tangerineSOCInst/picorv32Inst/mem_addr_reg[2]_0                                                                                                    |                1 |              6 |         6.00 |
|  clk_wiz_0Inst/inst/clk25  | tangerineSOCInst/pixelGenInst/FSM_sequential_pgState[5]_i_1_n_0                                                                                           | reset_BUFG                                                                                                                                         |                5 |              6 |         1.20 |
|  clk_wiz_0Inst/inst/clk50  | tangerineSOCInst/picorv32Inst/pcpi_div/E[0]                                                                                                               | tangerineSOCInst/picorv32Inst/cpu_state[7]_i_1_n_0                                                                                                 |                3 |              6 |         2.00 |
|  clk_wiz_0Inst/inst/clk50  | tangerineSOCInst/picorv32Inst/is_lui_auipc_jal_jalr_addi_add_sub0                                                                                         | tangerineSOCInst/picorv32Inst/decoded_imm[19]_i_1_n_0                                                                                              |                4 |              8 |         2.00 |
|  clk_wiz_0Inst/inst/clk100 | tangerineSOCInst/picorv32Inst/E[0]                                                                                                                        |                                                                                                                                                    |                2 |              8 |         4.00 |
|  clk_wiz_0Inst/inst/clk25  | tangerineSOCInst/pixelGenInst/pgLetterData[7]_i_1_n_0                                                                                                     |                                                                                                                                                    |                2 |              8 |         4.00 |
|  clk_wiz_0Inst/inst/clk100 | tangerineSOCInst/UARTInst/txBuffer                                                                                                                        | reset_BUFG                                                                                                                                         |                3 |              8 |         2.67 |
|  clk_wiz_0Inst/inst/clk100 | tangerineSOCInst/UARTInst/rxFiFoInst/U0/inst_fifo_gen/gconvfifo.rf/grf.rf/gntv_or_sync_fifo.gl0.rd/gr1.gr1_int.rfwft/gpregsm1.curr_fwft_state_reg[1]_0[0] | tangerineSOCInst/UARTInst/rxFiFoInst/U0/inst_fifo_gen/gconvfifo.rf/grf.rf/rstblk/ngwrdrst.grst.g7serrst.gsckt_wrst.gcc_rst.sckt_wr_rst_cc_reg[0]_0 |                1 |              8 |         8.00 |
|  clk_wiz_0Inst/inst/clk50  |                                                                                                                                                           | tangerineSOCInst/tickTimerPrescalerCounter[15]_i_1_n_0                                                                                             |                5 |              9 |         1.80 |
|  clk_wiz_0Inst/inst/clk100 |                                                                                                                                                           | reset_BUFG                                                                                                                                         |                9 |             10 |         1.11 |
|  clk_wiz_0Inst/inst/clk25  | tangerineSOCInst/pixelGenInst/fontRomA[10]_i_1_n_0                                                                                                        |                                                                                                                                                    |                2 |             11 |         5.50 |
|  clk_wiz_0Inst/inst/clk100 | tangerineSOCInst/sdramDMAInst/sdramA[12]_i_1_n_0                                                                                                          | reset_BUFG                                                                                                                                         |                4 |             12 |         3.00 |
|  clk_wiz_0Inst/inst/clk100 | tangerineSOCInst/sdramDMAInst/refreshCounter[0]_i_1_n_0                                                                                                   | reset_BUFG                                                                                                                                         |                3 |             12 |         4.00 |
|  clk_wiz_0Inst/inst/clk25  | tangerineSOCInst/pixelGenInst/pgR[7]_i_1_n_0                                                                                                              |                                                                                                                                                    |               12 |             12 |         1.00 |
|  clk_wiz_0Inst/inst/clk25  | tangerineSOCInst/pixelGenInst/pgYCount[0]_i_2_n_0                                                                                                         | tangerineSOCInst/pixelGenInst/pgYCount[0]_i_1_n_0                                                                                                  |                3 |             12 |         4.00 |
|  clk_wiz_0Inst/inst/clk50  | tangerineSOCInst/picorv32Inst/is_lui_auipc_jal_jalr_addi_add_sub0                                                                                         | tangerineSOCInst/picorv32Inst/decoded_imm[31]_i_1_n_0                                                                                              |                4 |             12 |         3.00 |
|  clk_wiz_0Inst/inst/clk25  |                                                                                                                                                           | tangerineSOCInst/pixelGenInst/pgXCount[0]_i_1_n_0                                                                                                  |                3 |             12 |         4.00 |
|  clk_wiz_0Inst/inst/clk25  | tangerineSOCInst/pixelGenInst/pgDisplayPtrShadow[13]_i_1_n_0                                                                                              | reset_BUFG                                                                                                                                         |                4 |             14 |         3.50 |
|  clk_wiz_0Inst/inst/clk100 |                                                                                                                                                           | tangerineSOCInst/UARTInst/rxFiFoInst/U0/inst_fifo_gen/gconvfifo.rf/grf.rf/rstblk/ngwrdrst.grst.g7serrst.gsckt_wrst.gcc_rst.sckt_wr_rst_cc_reg[0]_0 |                4 |             14 |         3.50 |
|  clk_wiz_0Inst/inst/clk25  | tangerineSOCInst/pixelGenInst/videoRamBA[13]_i_1_n_0                                                                                                      |                                                                                                                                                    |                3 |             14 |         4.67 |
|  clk_wiz_0Inst/inst/clk25  | tangerineSOCInst/pixelGenInst/pgDisplayPtr[13]_i_1_n_0                                                                                                    | reset_BUFG                                                                                                                                         |                5 |             14 |         2.80 |
|  clk_wiz_0Inst/inst/clk25  |                                                                                                                                                           | reset_BUFG                                                                                                                                         |                7 |             15 |         2.14 |
|  clk_wiz_0Inst/inst/clk50  | tangerineSOCInst/sel                                                                                                                                      | reset_BUFG                                                                                                                                         |                4 |             16 |         4.00 |
|  clk_wiz_0Inst/inst/clk100 | tangerineSOCInst/picorv32Inst/mem_addr_reg[3]_0[0]                                                                                                        | reset_BUFG                                                                                                                                         |                6 |             16 |         2.67 |
|  clk_wiz_0Inst/inst/clk100 | tangerineSOCInst/UARTInst/rxFiFoInst/U0/inst_fifo_gen/gconvfifo.rf/grf.rf/gntv_or_sync_fifo.gl0.wr/gwss.wsts/E[0]                                         | tangerineSOCInst/UARTInst/rxFiFoInst/U0/inst_fifo_gen/gconvfifo.rf/grf.rf/rstblk/ngwrdrst.grst.g7serrst.gsckt_wrst.gcc_rst.sckt_wr_rst_cc_reg[0]_0 |                3 |             16 |         5.33 |
|  clk_wiz_0Inst/inst/clk100 | tangerineSOCInst/UARTInst/rxFiFoInst/U0/inst_fifo_gen/gconvfifo.rf/grf.rf/gntv_or_sync_fifo.gl0.rd/gr1.gr1_int.rfwft/E[0]                                 | tangerineSOCInst/UARTInst/rxFiFoInst/U0/inst_fifo_gen/gconvfifo.rf/grf.rf/rstblk/ngwrdrst.grst.g7serrst.gsckt_wrst.gcc_rst.sckt_wr_rst_cc_reg[0]_0 |                3 |             16 |         5.33 |
|  clk_wiz_0Inst/inst/clk100 | tangerineSOCInst/UARTInst/rxdSyncInst/FSM_sequential_rxState_reg[0][0]                                                                                    | reset_BUFG                                                                                                                                         |                6 |             16 |         2.67 |
|  clk_wiz_0Inst/inst/clk100 | tangerineSOCInst/UARTInst/txBaudCounter                                                                                                                   | reset_BUFG                                                                                                                                         |                6 |             16 |         2.67 |
|  clk_wiz_0Inst/inst/clk100 | tangerineSOCInst/sdramDMAInst/resetCounter[0]_i_1_n_0                                                                                                     | reset_BUFG                                                                                                                                         |                4 |             16 |         4.00 |
|  clk_wiz_0Inst/inst/clk25  | tangerineSOCInst/pixelGenInst/pgBackgroundColor[23]_i_1_n_0                                                                                               |                                                                                                                                                    |                6 |             18 |         3.00 |
|  clk_wiz_0Inst/inst/clk50  | tangerineSOCInst/picorv32Inst/is_lui_auipc_jal_jalr_addi_add_sub0                                                                                         | tangerineSOCInst/picorv32Inst/pcpi_mul/SR[0]                                                                                                       |                6 |             22 |         3.67 |
|  clk_wiz_0Inst/inst/clk50  | tangerineSOCInst/picorv32Inst/pcpi_mul/ready_reg_0                                                                                                        |                                                                                                                                                    |                8 |             22 |         2.75 |
|  clk_wiz_0Inst/inst/clk50  |                                                                                                                                                           | tangerineSOCInst/tickTimerPrescalerCounter[21]                                                                                                     |                8 |             23 |         2.88 |
|  clk_wiz_0Inst/inst/clk25  |                                                                                                                                                           | tangerineSOCInst/blank                                                                                                                             |               16 |             23 |         1.44 |
|  clk_wiz_0Inst/inst/clk50  | tangerineSOCInst/picorv32Inst/mem_addr[31]_i_1_n_0                                                                                                        |                                                                                                                                                    |               14 |             30 |         2.14 |
|  clk_wiz_0Inst/inst/clk50  | tangerineSOCInst/picorv32Inst/pcpi_div/divisor                                                                                                            | tangerineSOCInst/picorv32Inst/pcpi_div/divisor[30]_i_1_n_0                                                                                         |               12 |             31 |         2.58 |
|  clk_wiz_0Inst/inst/clk100 | tangerineSOCInst/sdramDMAInst/ch0Dout[31]_i_1_n_0                                                                                                         | reset_BUFG                                                                                                                                         |               10 |             32 |         3.20 |
|  clk_wiz_0Inst/inst/clk100 | tangerineSOCInst/picorv32Inst/mem_addr_reg[2]_2[0]                                                                                                        | reset_BUFG                                                                                                                                         |               12 |             32 |         2.67 |
|  clk_wiz_0Inst/inst/clk100 | tangerineSOCInst/picorv32Inst/mem_addr_reg[4]_0[0]                                                                                                        | reset_BUFG                                                                                                                                         |               20 |             32 |         1.60 |
|  clk_wiz_0Inst/inst/clk50  | tangerineSOCInst/tickTimerCounter[0]_i_1_n_0                                                                                                              | tangerineSOCInst/tickTimerPrescalerCounter[15]_i_1_n_0                                                                                             |                8 |             32 |         4.00 |
|  clk_wiz_0Inst/inst/clk50  | tangerineSOCInst/picorv32Inst/mem_wdata[31]_i_1_n_0                                                                                                       |                                                                                                                                                    |                7 |             32 |         4.57 |
|  clk_wiz_0Inst/inst/clk100 | tangerineSOCInst/sdramDMAInst/sdramD_tristate_oe[31]_i_1_n_0                                                                                              |                                                                                                                                                    |                9 |             32 |         3.56 |
|  clk_wiz_0Inst/inst/clk50  | tangerineSOCInst/picorv32Inst/pcpi_div/quotient_msk                                                                                                       | tangerineSOCInst/picorv32Inst/pcpi_div/quotient_msk[31]_i_1_n_0                                                                                    |               14 |             32 |         2.29 |
|  clk_wiz_0Inst/inst/clk50  | tangerineSOCInst/picorv32Inst/pcpi_div/dividend                                                                                                           |                                                                                                                                                    |                8 |             32 |         4.00 |
|  clk_wiz_0Inst/inst/clk50  | tangerineSOCInst/picorv32Inst/pcpi_div/divisor                                                                                                            |                                                                                                                                                    |               11 |             32 |         2.91 |
|  clk_wiz_0Inst/inst/clk50  | tangerineSOCInst/picorv32Inst/pcpi_mul/cpuResetn_reg                                                                                                      |                                                                                                                                                    |               12 |             32 |         2.67 |
|  clk_wiz_0Inst/inst/clk50  | tangerineSOCInst/picorv32Inst/pcpi_mul/E[0]                                                                                                               |                                                                                                                                                    |               13 |             32 |         2.46 |
|  clk_wiz_0Inst/inst/clk50  | tangerineSOCInst/picorv32Inst/pcpi_div/quotient                                                                                                           | tangerineSOCInst/picorv32Inst/pcpi_div/quotient_msk[31]_i_1_n_0                                                                                    |               11 |             32 |         2.91 |
|  clk_wiz_0Inst/inst/clk100 |                                                                                                                                                           |                                                                                                                                                    |               17 |             34 |         2.00 |
|  clk_wiz_0Inst/inst/clk125 |                                                                                                                                                           |                                                                                                                                                    |                5 |             34 |         6.80 |
|  clk_wiz_0Inst/inst/clk50  | tangerineSOCInst/picorv32Inst/is_lui_auipc_jal_jalr_addi_add_sub0                                                                                         |                                                                                                                                                    |               17 |             42 |         2.47 |
|  clk_wiz_0Inst/inst/clk50  | tangerineSOCInst/picorv32Inst/instr_lui0                                                                                                                  |                                                                                                                                                    |               15 |             43 |         2.87 |
|  clk_wiz_0Inst/inst/clk25  |                                                                                                                                                           |                                                                                                                                                    |               20 |             61 |         3.05 |
|  clk_wiz_0Inst/inst/clk50  | tangerineSOCInst/picorv32Inst/reg_next_pc                                                                                                                 | tangerineSOCInst/picorv32Inst/pcpi_mul/SR[0]                                                                                                       |               15 |             62 |         4.13 |
|  clk_wiz_0Inst/inst/clk50  | tangerineSOCInst/picorv32Inst/count_instr                                                                                                                 | tangerineSOCInst/picorv32Inst/pcpi_mul/SR[0]                                                                                                       |               16 |             64 |         4.00 |
|  clk_wiz_0Inst/inst/clk50  | tangerineSOCInst/picorv32Inst/cpuregs_reg_r1_0_31_0_5_i_1_n_0                                                                                             |                                                                                                                                                    |               11 |             88 |         8.00 |
|  clk_wiz_0Inst/inst/clk50  |                                                                                                                                                           | tangerineSOCInst/picorv32Inst/pcpi_mul/SR[0]                                                                                                       |               39 |            111 |         2.85 |
|  clk_wiz_0Inst/inst/clk50  |                                                                                                                                                           |                                                                                                                                                    |               57 |            131 |         2.30 |
+----------------------------+-----------------------------------------------------------------------------------------------------------------------------------------------------------+----------------------------------------------------------------------------------------------------------------------------------------------------+------------------+----------------+--------------+


