Copyright 1986-2022 Xilinx, Inc. All Rights Reserved. Copyright 2022-2023 Advanced Micro Devices, Inc. All Rights Reserved.
---------------------------------------------------------------------------------------------------------------------------------------------
| Tool Version : Vivado v.2023.2 (win64) Build 4029153 Fri Oct 13 20:14:34 MDT 2023
| Date         : Fri Aug 16 10:40:21 2024
| Host         : Desktop-qUBECk running 64-bit major release  (build 9200)
| Command      : report_control_sets -verbose -file A7BoardTop_control_sets_placed.rpt
| Design       : A7BoardTop
| Device       : xc7a200t
---------------------------------------------------------------------------------------------------------------------------------------------

Control Set Information

Table of Contents
-----------------
1. Summary
2. Histogram
3. Flip-Flop Distribution
4. Detailed Control Set Information

1. Summary
----------

+----------------------------------------------------------+-------+
|                          Status                          | Count |
+----------------------------------------------------------+-------+
| Total control sets                                       |    91 |
|    Minimum number of control sets                        |    91 |
|    Addition due to synthesis replication                 |     0 |
|    Addition due to physical synthesis replication        |     0 |
| Unused register locations in slices containing registers |   226 |
+----------------------------------------------------------+-------+
* Control sets can be merged at opt_design using control_set_merge or merge_equivalent_drivers
** Run report_qor_suggestions for automated merging and remapping suggestions


2. Histogram
------------

+--------------------+-------+
|       Fanout       | Count |
+--------------------+-------+
| Total control sets |    91 |
| >= 0 to < 4        |     8 |
| >= 4 to < 6        |    10 |
| >= 6 to < 8        |     5 |
| >= 8 to < 10       |    13 |
| >= 10 to < 12      |     1 |
| >= 12 to < 14      |     7 |
| >= 14 to < 16      |     4 |
| >= 16              |    43 |
+--------------------+-------+
* Control sets can be remapped at either synth_design or opt_design


3. Flip-Flop Distribution
-------------------------

+--------------+-----------------------+------------------------+-----------------+--------------+
| Clock Enable | Synchronous Set/Reset | Asynchronous Set/Reset | Total Registers | Total Slices |
+--------------+-----------------------+------------------------+-----------------+--------------+
| No           | No                    | No                     |             268 |          112 |
| No           | No                    | Yes                    |              10 |            8 |
| No           | Yes                   | No                     |             228 |           99 |
| Yes          | No                    | No                     |             432 |          154 |
| Yes          | No                    | Yes                    |             187 |           64 |
| Yes          | Yes                   | No                     |             641 |          191 |
+--------------+-----------------------+------------------------+-----------------+--------------+


4. Detailed Control Set Information
-----------------------------------

+----------------------------+-----------------------------------------------------------------------------------------------------------------------------------------------------------+----------------------------------------------------------------------------------------------------------------------------------------------------+------------------+----------------+--------------+
|        Clock Signal        |                                                                       Enable Signal                                                                       |                                                                  Set/Reset Signal                                                                  | Slice Load Count | Bel Load Count | Bels / Slice |
+----------------------------+-----------------------------------------------------------------------------------------------------------------------------------------------------------+----------------------------------------------------------------------------------------------------------------------------------------------------+------------------+----------------+--------------+
|  reset_BUFG                |                                                                                                                                                           |                                                                                                                                                    |                1 |              1 |         1.00 |
|  clk_wiz_0Inst/inst/clk100 | tangerineSOCInst/sdramDMAInst/p_0_in[10]                                                                                                                  | reset_BUFG                                                                                                                                         |                1 |              1 |         1.00 |
| ~clk_wiz_0Inst/inst/clk50  |                                                                                                                                                           |                                                                                                                                                    |                1 |              1 |         1.00 |
|  clk_wiz_0Inst/inst/clk50  |                                                                                                                                                           | reset_BUFG                                                                                                                                         |                1 |              1 |         1.00 |
|  clk_wiz_0Inst/inst/clk100 | tangerineSOCInst/sdramDMAInst/sdramCS_i_1_n_0                                                                                                             | reset_BUFG                                                                                                                                         |                1 |              1 |         1.00 |
|  clk_wiz_0Inst/inst/clk100 | tangerineSOCInst/UARTInst/uartTXD_i_1_n_0                                                                                                                 | reset_BUFG                                                                                                                                         |                1 |              1 |         1.00 |
|  clk_wiz_0Inst/inst/clk100 | tangerineSOCInst/sdramDMAInst/sdramBA[1]_i_1_n_0                                                                                                          | reset_BUFG                                                                                                                                         |                1 |              2 |         2.00 |
|  clk_wiz_0Inst/inst/clk100 | tangerineSOCInst/sdramDMAInst/sdramCAS_i_1_n_0                                                                                                            | reset_BUFG                                                                                                                                         |                1 |              3 |         3.00 |
|  clk_wiz_0Inst/inst/clk50  | tangerineSOCInst/picorv32Inst/mem_addr[31]_i_1_n_0                                                                                                        | tangerineSOCInst/picorv32Inst/mem_wstrb[3]_i_1_n_0                                                                                                 |                1 |              4 |         4.00 |
|  clk_wiz_0Inst/inst/clk50  |                                                                                                                                                           | tangerineSOCInst/picorv32Inst/pcpi_div/instr_rem_i_1_n_0                                                                                           |                1 |              4 |         4.00 |
|  clk_wiz_0Inst/inst/clk25  | tangerineSOCInst/pixelGenInst/pgLetterYCount[3]_i_1_n_0                                                                                                   | reset_BUFG                                                                                                                                         |                1 |              4 |         4.00 |
|  clk_wiz_0Inst/inst/clk100 | tangerineSOCInst/sdramDMAInst/sdramDQM[3]_i_1_n_0                                                                                                         | reset_BUFG                                                                                                                                         |                1 |              4 |         4.00 |
|  clk_wiz_0Inst/inst/clk50  | tangerineSOCInst/picorv32Inst/pcpi_timeout_counter[3]_i_2_n_0                                                                                             | tangerineSOCInst/picorv32Inst/pcpi_div/SS[0]                                                                                                       |                1 |              4 |         4.00 |
|  clk_wiz_0Inst/inst/clk100 | tangerineSOCInst/UARTInst/FSM_sequential_txState[3]_i_1_n_0                                                                                               | reset_BUFG                                                                                                                                         |                1 |              4 |         4.00 |
|  clk_wiz_0Inst/inst/clk100 | tangerineSOCInst/UARTInst/rxdSyncInst/E[0]                                                                                                                | reset_BUFG                                                                                                                                         |                1 |              4 |         4.00 |
|  clk_wiz_0Inst/inst/clk50  | tangerineSOCInst/picorv32Inst/latched_rd[4]_i_1_n_0                                                                                                       | tangerineSOCInst/picorv32Inst/pcpi_mul/SR[0]                                                                                                       |                1 |              5 |         5.00 |
|  clk_wiz_0Inst/inst/clk25  | tangerineSOCInst/pixelGenGfxInst/FSM_sequential_pggState[4]_i_1_n_0                                                                                       | reset_BUFG                                                                                                                                         |                2 |              5 |         2.50 |
|  clk_wiz_0Inst/inst/clk50  | tangerineSOCInst/picorv32Inst/is_lui_auipc_jal_jalr_addi_add_sub0                                                                                         | tangerineSOCInst/picorv32Inst/instr_lhu_i_1_n_0                                                                                                    |                3 |              5 |         1.67 |
|  clk_wiz_0Inst/inst/clk100 | tangerineSOCInst/sdramDMAInst/sdcState                                                                                                                    | reset_BUFG                                                                                                                                         |                6 |              6 |         1.00 |
|  clk_wiz_0Inst/inst/clk25  | tangerineSOCInst/pixelGenInst/FSM_sequential_pgState[5]_i_1_n_0                                                                                           | reset_BUFG                                                                                                                                         |                4 |              6 |         1.50 |
|  clk_wiz_0Inst/inst/clk50  | tangerineSOCInst/picorv32Inst/pcpi_div/E[0]                                                                                                               | tangerineSOCInst/picorv32Inst/cpu_state[7]_i_1_n_0                                                                                                 |                4 |              6 |         1.50 |
|  clk_wiz_0Inst/inst/clk125 |                                                                                                                                                           | dvidInst/shift_red[9]_i_1_n_0                                                                                                                      |                4 |              6 |         1.50 |
|  clk_wiz_0Inst/inst/clk25  | clk_wiz_0Inst/inst/locked                                                                                                                                 |                                                                                                                                                    |                5 |              7 |         1.40 |
|  clk_wiz_0Inst/inst/clk50  | tangerineSOCInst/picorv32Inst/is_lui_auipc_jal_jalr_addi_add_sub0                                                                                         | tangerineSOCInst/picorv32Inst/decoded_imm[19]_i_1_n_0                                                                                              |                3 |              8 |         2.67 |
|  clk_wiz_0Inst/inst/clk100 | tangerineSOCInst/UARTInst/txBuffer                                                                                                                        | reset_BUFG                                                                                                                                         |                2 |              8 |         4.00 |
|  clk_wiz_0Inst/inst/clk25  | tangerineSOCInst/pixelGenGfxInst/gfxBufRamRdA[7]_i_2_n_0                                                                                                  | tangerineSOCInst/pixelGenGfxInst/gfxBufRamRdA[7]_i_1_n_0                                                                                           |                1 |              8 |         8.00 |
|  clk_wiz_0Inst/inst/clk100 | tangerineSOCInst/picorv32Inst/ready_reg                                                                                                                   | tangerineSOCInst/picorv32Inst/ready_reg_0                                                                                                          |                4 |              8 |         2.00 |
|  clk_wiz_0Inst/inst/clk100 | tangerineSOCInst/UARTInst/rxFiFoInst/U0/inst_fifo_gen/gconvfifo.rf/grf.rf/gntv_or_sync_fifo.gl0.rd/gr1.gr1_int.rfwft/gpregsm1.curr_fwft_state_reg[1]_0[0] | tangerineSOCInst/UARTInst/rxFiFoInst/U0/inst_fifo_gen/gconvfifo.rf/grf.rf/rstblk/ngwrdrst.grst.g7serrst.gsckt_wrst.gcc_rst.sckt_wr_rst_cc_reg[0]_0 |                3 |              8 |         2.67 |
|  clk_wiz_0Inst/inst/clk100 | tangerineSOCInst/picorv32Inst/E[0]                                                                                                                        |                                                                                                                                                    |                1 |              8 |         8.00 |
|  clk_wiz_0Inst/inst/clk25  | tangerineSOCInst/pixelGenInst/pgLetterData[7]_i_1_n_0                                                                                                     |                                                                                                                                                    |                4 |              8 |         2.00 |
|  clk_wiz_0Inst/inst/clk100 | tangerineSOCInst/sdramDMAInst/ch3TransferCounter                                                                                                          | reset_BUFG                                                                                                                                         |                3 |              8 |         2.67 |
|  clk_wiz_0Inst/inst/clk100 | tangerineSOCInst/sdramDMAInst/ch3DmaBufPointer                                                                                                            | reset_BUFG                                                                                                                                         |                4 |              9 |         2.25 |
|  clk_wiz_0Inst/inst/clk100 | tangerineSOCInst/sdramDMAInst/ch3BufRamWrA[8]_i_1_n_0                                                                                                     | reset_BUFG                                                                                                                                         |                3 |              9 |         3.00 |
|  clk_wiz_0Inst/inst/clk50  |                                                                                                                                                           | tangerineSOCInst/tickTimerPrescalerCounter[15]_i_1_n_0                                                                                             |                4 |              9 |         2.25 |
|  clk_wiz_0Inst/inst/clk50  | tangerineSOCInst/picorv32Inst/mem_valid_reg_1                                                                                                             |                                                                                                                                                    |                4 |              9 |         2.25 |
|  clk_wiz_0Inst/inst/clk25  | tangerineSOCInst/pixelGenGfxInst/pggGfxBufAddressCounter[8]_i_1_n_0                                                                                       | reset_BUFG                                                                                                                                         |                3 |              9 |         3.00 |
|  clk_wiz_0Inst/inst/clk25  | tangerineSOCInst/pixelGenInst/fontRomA[10]_i_1_n_0                                                                                                        |                                                                                                                                                    |                3 |             11 |         3.67 |
|  clk_wiz_0Inst/inst/clk50  | tangerineSOCInst/picorv32Inst/is_lui_auipc_jal_jalr_addi_add_sub0                                                                                         | tangerineSOCInst/picorv32Inst/decoded_imm[31]_i_1_n_0                                                                                              |                4 |             12 |         3.00 |
|  clk_wiz_0Inst/inst/clk100 | tangerineSOCInst/sdramDMAInst/refreshCounter[0]_i_1_n_0                                                                                                   | reset_BUFG                                                                                                                                         |                3 |             12 |         4.00 |
|  clk_wiz_0Inst/inst/clk25  | tangerineSOCInst/pixelGenInst/pgR[7]_i_1_n_0                                                                                                              |                                                                                                                                                    |               10 |             12 |         1.20 |
|  clk_wiz_0Inst/inst/clk25  | tangerineSOCInst/pixelGenInst/pgYCount[0]_i_2_n_0                                                                                                         | tangerineSOCInst/pixelGenInst/pgYCount[0]_i_1_n_0                                                                                                  |                3 |             12 |         4.00 |
|  clk_wiz_0Inst/inst/clk25  |                                                                                                                                                           | tangerineSOCInst/pixelGenInst/pgXCount[0]_i_1_n_0                                                                                                  |                3 |             12 |         4.00 |
|  clk_wiz_0Inst/inst/clk100 | tangerineSOCInst/sdramDMAInst/p_0_in[12]                                                                                                                  | reset_BUFG                                                                                                                                         |                5 |             12 |         2.40 |
|  clk_wiz_0Inst/inst/clk100 |                                                                                                                                                           | reset_BUFG                                                                                                                                         |               11 |             13 |         1.18 |
|  clk_wiz_0Inst/inst/clk25  | tangerineSOCInst/pixelGenInst/pgDisplayPtr[13]_i_1_n_0                                                                                                    | reset_BUFG                                                                                                                                         |                5 |             14 |         2.80 |
|  clk_wiz_0Inst/inst/clk25  | tangerineSOCInst/pixelGenInst/pgDisplayPtrShadow[13]_i_1_n_0                                                                                              | reset_BUFG                                                                                                                                         |                3 |             14 |         4.67 |
|  clk_wiz_0Inst/inst/clk100 |                                                                                                                                                           | tangerineSOCInst/UARTInst/rxFiFoInst/U0/inst_fifo_gen/gconvfifo.rf/grf.rf/rstblk/ngwrdrst.grst.g7serrst.gsckt_wrst.gcc_rst.sckt_wr_rst_cc_reg[0]_0 |                5 |             14 |         2.80 |
|  clk_wiz_0Inst/inst/clk25  | tangerineSOCInst/pixelGenInst/videoRamBA[13]_i_1_n_0                                                                                                      |                                                                                                                                                    |                2 |             14 |         7.00 |
|  clk_wiz_0Inst/inst/clk100 | tangerineSOCInst/UARTInst/rxFiFoInst/U0/inst_fifo_gen/gconvfifo.rf/grf.rf/gntv_or_sync_fifo.gl0.rd/gr1.gr1_int.rfwft/E[0]                                 | tangerineSOCInst/UARTInst/rxFiFoInst/U0/inst_fifo_gen/gconvfifo.rf/grf.rf/rstblk/ngwrdrst.grst.g7serrst.gsckt_wrst.gcc_rst.sckt_wr_rst_cc_reg[0]_0 |                4 |             16 |         4.00 |
|  clk_wiz_0Inst/inst/clk100 | tangerineSOCInst/UARTInst/txBaudCounter                                                                                                                   | reset_BUFG                                                                                                                                         |                6 |             16 |         2.67 |
|  clk_wiz_0Inst/inst/clk100 | tangerineSOCInst/UARTInst/rxdSyncInst/stage3Reg_reg[0]_0[0]                                                                                               | reset_BUFG                                                                                                                                         |                5 |             16 |         3.20 |
|  clk_wiz_0Inst/inst/clk100 | tangerineSOCInst/sdramDMAInst/resetCounter                                                                                                                | reset_BUFG                                                                                                                                         |                4 |             16 |         4.00 |
|  clk_wiz_0Inst/inst/clk25  | tangerineSOCInst/pixelGenGfxInst/pggR[7]_i_1_n_0                                                                                                          |                                                                                                                                                    |                5 |             16 |         3.20 |
|  clk_wiz_0Inst/inst/clk100 | tangerineSOCInst/picorv32Inst/registerState_reg_0[0]                                                                                                      | reset_BUFG                                                                                                                                         |                4 |             16 |         4.00 |
|  clk_wiz_0Inst/inst/clk100 | tangerineSOCInst/UARTInst/rxFiFoInst/U0/inst_fifo_gen/gconvfifo.rf/grf.rf/gntv_or_sync_fifo.gl0.wr/gwss.wsts/E[0]                                         | tangerineSOCInst/UARTInst/rxFiFoInst/U0/inst_fifo_gen/gconvfifo.rf/grf.rf/rstblk/ngwrdrst.grst.g7serrst.gsckt_wrst.gcc_rst.sckt_wr_rst_cc_reg[0]_0 |                4 |             16 |         4.00 |
|  clk_wiz_0Inst/inst/clk50  | tangerineSOCInst/sel                                                                                                                                      | reset_BUFG                                                                                                                                         |                4 |             16 |         4.00 |
|  clk_wiz_0Inst/inst/clk50  | tangerineSOCInst/picorv32Inst/mem_valid_reg_1                                                                                                             | tangerineSOCInst/picorv32Inst/mem_addr_reg[2]_1                                                                                                    |                5 |             17 |         3.40 |
|  clk_wiz_0Inst/inst/clk25  | tangerineSOCInst/pixelGenInst/pgBackgroundColor[23]_i_1_n_0                                                                                               |                                                                                                                                                    |                3 |             18 |         6.00 |
|  clk_wiz_0Inst/inst/clk25  |                                                                                                                                                           | tangerineSOCInst/blank                                                                                                                             |               14 |             21 |         1.50 |
|  clk_wiz_0Inst/inst/clk50  | tangerineSOCInst/picorv32Inst/is_lui_auipc_jal_jalr_addi_add_sub0                                                                                         | tangerineSOCInst/picorv32Inst/pcpi_mul/SR[0]                                                                                                       |                6 |             22 |         3.67 |
|  clk_wiz_0Inst/inst/clk50  | tangerineSOCInst/picorv32Inst/mem_rdata_q[31]_i_1_n_0                                                                                                     |                                                                                                                                                    |                7 |             22 |         3.14 |
|  clk_wiz_0Inst/inst/clk50  |                                                                                                                                                           | tangerineSOCInst/tickTimerPrescalerCounter[21]                                                                                                     |                8 |             23 |         2.88 |
|  clk_wiz_0Inst/inst/clk25  |                                                                                                                                                           | reset_BUFG                                                                                                                                         |               13 |             24 |         1.85 |
|  clk_wiz_0Inst/inst/clk100 | tangerineSOCInst/pixelGenInst/E[0]                                                                                                                        | reset_BUFG                                                                                                                                         |                7 |             24 |         3.43 |
|  clk_wiz_0Inst/inst/clk50  | tangerineSOCInst/picorv32Inst/ready_reg_1[0]                                                                                                              | reset_BUFG                                                                                                                                         |                7 |             24 |         3.43 |
|  clk_wiz_0Inst/inst/clk50  | tangerineSOCInst/picorv32Inst/mem_addr[31]_i_1_n_0                                                                                                        |                                                                                                                                                    |               17 |             30 |         1.76 |
|  clk_wiz_0Inst/inst/clk50  | tangerineSOCInst/picorv32Inst/pcpi_div/divisor                                                                                                            | tangerineSOCInst/picorv32Inst/pcpi_div/divisor[30]_i_1_n_0                                                                                         |               10 |             31 |         3.10 |
|  clk_wiz_0Inst/inst/clk100 | tangerineSOCInst/picorv32Inst/mem_addr_reg[2]_4[0]                                                                                                        | reset_BUFG                                                                                                                                         |                8 |             32 |         4.00 |
|  clk_wiz_0Inst/inst/clk100 | tangerineSOCInst/picorv32Inst/registerState_reg[0]                                                                                                        | reset_BUFG                                                                                                                                         |               15 |             32 |         2.13 |
|  clk_wiz_0Inst/inst/clk50  | tangerineSOCInst/picorv32Inst/pcpi_div/divisor                                                                                                            |                                                                                                                                                    |               10 |             32 |         3.20 |
|  clk_wiz_0Inst/inst/clk50  | tangerineSOCInst/picorv32Inst/pcpi_div/dividend                                                                                                           |                                                                                                                                                    |                8 |             32 |         4.00 |
|  clk_wiz_0Inst/inst/clk50  | tangerineSOCInst/picorv32Inst/pcpi_div/quotient_msk                                                                                                       | tangerineSOCInst/picorv32Inst/pcpi_div/quotient_msk[31]_i_1_n_0                                                                                    |                7 |             32 |         4.57 |
|  clk_wiz_0Inst/inst/clk50  | tangerineSOCInst/picorv32Inst/pcpi_div/quotient                                                                                                           | tangerineSOCInst/picorv32Inst/pcpi_div/quotient_msk[31]_i_1_n_0                                                                                    |               11 |             32 |         2.91 |
|  clk_wiz_0Inst/inst/clk50  | tangerineSOCInst/picorv32Inst/pcpi_mul/E[0]                                                                                                               |                                                                                                                                                    |               13 |             32 |         2.46 |
|  clk_wiz_0Inst/inst/clk50  | tangerineSOCInst/picorv32Inst/pcpi_mul/cpuResetn_reg_0                                                                                                    |                                                                                                                                                    |               13 |             32 |         2.46 |
|  clk_wiz_0Inst/inst/clk50  | tangerineSOCInst/picorv32Inst/mem_wdata[31]_i_1_n_0                                                                                                       |                                                                                                                                                    |               10 |             32 |         3.20 |
|  clk_wiz_0Inst/inst/clk100 | tangerineSOCInst/sdramDMAInst/ch0Dout[31]_i_1_n_0                                                                                                         | reset_BUFG                                                                                                                                         |               10 |             32 |         3.20 |
|  clk_wiz_0Inst/inst/clk50  | tangerineSOCInst/tickTimerCounter[0]_i_1_n_0                                                                                                              | tangerineSOCInst/tickTimerPrescalerCounter[15]_i_1_n_0                                                                                             |                8 |             32 |         4.00 |
|  clk_wiz_0Inst/inst/clk25  | tangerineSOCInst/pixelGenGfxInst/pggPixelData                                                                                                             | reset_BUFG                                                                                                                                         |                5 |             32 |         6.40 |
|  clk_wiz_0Inst/inst/clk100 | tangerineSOCInst/sdramDMAInst/sdramD_tristate_oe[31]_i_1_n_0                                                                                              |                                                                                                                                                    |               16 |             32 |         2.00 |
|  clk_wiz_0Inst/inst/clk100 |                                                                                                                                                           |                                                                                                                                                    |               12 |             32 |         2.67 |
|  clk_wiz_0Inst/inst/clk100 | tangerineSOCInst/sdramDMAInst/ch3BufRamDin[31]_i_1_n_0                                                                                                    | reset_BUFG                                                                                                                                         |               10 |             32 |         3.20 |
|  clk_wiz_0Inst/inst/clk125 |                                                                                                                                                           |                                                                                                                                                    |                5 |             34 |         6.80 |
|  clk_wiz_0Inst/inst/clk50  | tangerineSOCInst/picorv32Inst/is_lui_auipc_jal_jalr_addi_add_sub0                                                                                         |                                                                                                                                                    |               11 |             42 |         3.82 |
|  clk_wiz_0Inst/inst/clk50  | tangerineSOCInst/picorv32Inst/instr_lui0                                                                                                                  |                                                                                                                                                    |               12 |             43 |         3.58 |
|  clk_wiz_0Inst/inst/clk50  | tangerineSOCInst/picorv32Inst/reg_next_pc                                                                                                                 | tangerineSOCInst/picorv32Inst/pcpi_mul/SR[0]                                                                                                       |               19 |             62 |         3.26 |
|  clk_wiz_0Inst/inst/clk50  | tangerineSOCInst/picorv32Inst/count_instr                                                                                                                 | tangerineSOCInst/picorv32Inst/pcpi_mul/SR[0]                                                                                                       |               16 |             64 |         4.00 |
|  clk_wiz_0Inst/inst/clk25  |                                                                                                                                                           |                                                                                                                                                    |               27 |             72 |         2.67 |
|  clk_wiz_0Inst/inst/clk50  | tangerineSOCInst/picorv32Inst/cpuregs_reg_r1_0_31_0_5_i_1_n_0                                                                                             |                                                                                                                                                    |               11 |             88 |         8.00 |
|  clk_wiz_0Inst/inst/clk50  |                                                                                                                                                           | tangerineSOCInst/picorv32Inst/pcpi_mul/SR[0]                                                                                                       |               43 |            111 |         2.58 |
|  clk_wiz_0Inst/inst/clk50  |                                                                                                                                                           |                                                                                                                                                    |               66 |            129 |         1.95 |
+----------------------------+-----------------------------------------------------------------------------------------------------------------------------------------------------------+----------------------------------------------------------------------------------------------------------------------------------------------------+------------------+----------------+--------------+


