Copyright 1986-2022 Xilinx, Inc. All Rights Reserved. Copyright 2022-2023 Advanced Micro Devices, Inc. All Rights Reserved.
---------------------------------------------------------------------------------------------------------------------------------------------
| Tool Version : Vivado v.2023.2 (win64) Build 4029153 Fri Oct 13 20:14:34 MDT 2023
| Date         : Sat Sep 14 15:18:08 2024
| Host         : Desktop-qUBECk running 64-bit major release  (build 9200)
| Command      : report_control_sets -verbose -file A7BoardTop_control_sets_placed.rpt
| Design       : A7BoardTop
| Device       : xc7a200t
---------------------------------------------------------------------------------------------------------------------------------------------

Control Set Information

Table of Contents
-----------------
1. Summary
2. Histogram
3. Flip-Flop Distribution
4. Detailed Control Set Information

1. Summary
----------

+----------------------------------------------------------+-------+
|                          Status                          | Count |
+----------------------------------------------------------+-------+
| Total control sets                                       |   166 |
|    Minimum number of control sets                        |   166 |
|    Addition due to synthesis replication                 |     0 |
|    Addition due to physical synthesis replication        |     0 |
| Unused register locations in slices containing registers |   311 |
+----------------------------------------------------------+-------+
* Control sets can be merged at opt_design using control_set_merge or merge_equivalent_drivers
** Run report_qor_suggestions for automated merging and remapping suggestions


2. Histogram
------------

+--------------------+-------+
|       Fanout       | Count |
+--------------------+-------+
| Total control sets |   166 |
| >= 0 to < 4        |    11 |
| >= 4 to < 6        |    25 |
| >= 6 to < 8        |     8 |
| >= 8 to < 10       |    32 |
| >= 10 to < 12      |     5 |
| >= 12 to < 14      |     5 |
| >= 14 to < 16      |     5 |
| >= 16              |    75 |
+--------------------+-------+
* Control sets can be remapped at either synth_design or opt_design


3. Flip-Flop Distribution
-------------------------

+--------------+-----------------------+------------------------+-----------------+--------------+
| Clock Enable | Synchronous Set/Reset | Asynchronous Set/Reset | Total Registers | Total Slices |
+--------------+-----------------------+------------------------+-----------------+--------------+
| No           | No                    | No                     |             354 |          140 |
| No           | No                    | Yes                    |              15 |           13 |
| No           | Yes                   | No                     |             143 |           72 |
| Yes          | No                    | No                     |            2043 |          667 |
| Yes          | No                    | Yes                    |             326 |          123 |
| Yes          | Yes                   | No                     |             640 |          179 |
+--------------+-----------------------+------------------------+-----------------+--------------+


4. Detailed Control Set Information
-----------------------------------

+------------------------------+-----------------------------------------------------------------------------------------------------------------------------------------------------------+----------------------------------------------------------------------------------------------------------------------------------------------------------+------------------+----------------+--------------+
|         Clock Signal         |                                                                       Enable Signal                                                                       |                                                                     Set/Reset Signal                                                                     | Slice Load Count | Bel Load Count | Bels / Slice |
+------------------------------+-----------------------------------------------------------------------------------------------------------------------------------------------------------+----------------------------------------------------------------------------------------------------------------------------------------------------------+------------------+----------------+--------------+
|  clk_wiz_0Inst/inst/clk100   | tangerineSOCInst/sdramDMAInst/sdramCS_i_1_n_0                                                                                                             | reset_BUFG                                                                                                                                               |                1 |              1 |         1.00 |
|  clk_wiz_0Inst/inst/clk50    |                                                                                                                                                           |                                                                                                                                                          |                1 |              1 |         1.00 |
|  clk_wiz_0Inst/inst/clk50    | tangerineSOCInst/SPIInst/mosi_i_1_n_0                                                                                                                     | reset_BUFG                                                                                                                                               |                1 |              1 |         1.00 |
|  reset_BUFG                  |                                                                                                                                                           |                                                                                                                                                          |                1 |              1 |         1.00 |
|  clk_wiz_0Inst/inst/clk100   | tangerineSOCInst/UARTInst/uartTXD_i_1_n_0                                                                                                                 | reset_BUFG                                                                                                                                               |                1 |              1 |         1.00 |
|  clk_wiz_0Inst/inst/clk100   | tangerineSOCInst/sdramDMAInst/sdramA[10]_i_1_n_0                                                                                                          | reset_BUFG                                                                                                                                               |                1 |              1 |         1.00 |
|  clk_wiz_0Inst/inst/clk50    | tangerineSOCInst/SPIInst/sclk_i_1_n_0                                                                                                                     | reset_BUFG                                                                                                                                               |                1 |              1 |         1.00 |
|  clk_wiz_0Inst/inst/clk100   | tangerineSOCInst/sdramDMAInst/sdramBA[1]_i_1_n_0                                                                                                          | reset_BUFG                                                                                                                                               |                1 |              2 |         2.00 |
|  clk_wiz_0Inst/inst/clk100   |                                                                                                                                                           | tangerineSOCInst/nekoRvInst/AR[0]                                                                                                                        |                3 |              3 |         1.00 |
|  clk_wiz_1Inst/inst/clk12    | tangerineSOCInst/usbHostInst/usb_hid_host0Inst/ukp/ukprom/inst_ready_reg_1[0]                                                                             |                                                                                                                                                          |                1 |              3 |         3.00 |
|  clk_wiz_0Inst/inst/clk100   | tangerineSOCInst/sdramDMAInst/sdramCAS_i_1_n_0                                                                                                            | reset_BUFG                                                                                                                                               |                1 |              3 |         3.00 |
|  clk_wiz_0Inst/inst/clk100   | tangerineSOCInst/nekoRvInst/rvState[3]_i_1_n_0                                                                                                            | tangerineSOCInst/nekoRvInst/AR[0]                                                                                                                        |                4 |              4 |         1.00 |
|  clk_wiz_1Inst/inst/clk12    | clk_wiz_0Inst/inst/locked                                                                                                                                 |                                                                                                                                                          |                3 |              4 |         1.33 |
|  clk_wiz_0Inst/inst/clk100   | tangerineSOCInst/nekoRvInst/divI0                                                                                                                         |                                                                                                                                                          |                2 |              4 |         2.00 |
|  clk_wiz_1Inst/inst/clk12    | tangerineSOCInst/usbHostInst/usb_hid_host0Inst/ukp/lb4_2                                                                                                  |                                                                                                                                                          |                3 |              4 |         1.33 |
|  clk_wiz_0Inst/inst/clk100   | tangerineSOCInst/UARTInst/rxdSyncInst/E[0]                                                                                                                | reset_BUFG                                                                                                                                               |                1 |              4 |         4.00 |
|  clk_wiz_1Inst/inst/clk12    | tangerineSOCInst/usbHostInst/usb_hid_host0Inst/ukp/insth[3]_i_1_n_0                                                                                       |                                                                                                                                                          |                1 |              4 |         4.00 |
|  clk_wiz_1Inst/inst/clk12    | tangerineSOCInst/usbHostInst/usb_hid_host0Inst/ukp/bitadr_reg[2]_0[0]                                                                                     | tangerineSOCInst/usbHostInst/usb_hid_host0Inst/ukp/SR[0]                                                                                                 |                1 |              4 |         4.00 |
|  clk_wiz_1Inst/inst/clk12    | tangerineSOCInst/usbHostInst/usb_hid_host0Inst/ukp/sb[0]                                                                                                  |                                                                                                                                                          |                1 |              4 |         4.00 |
|  clk_wiz_0Inst/inst/clk100   | tangerineSOCInst/sdramDMAInst/sdramDQM[3]_i_1_n_0                                                                                                         | reset_BUFG                                                                                                                                               |                2 |              4 |         2.00 |
|  clk_wiz_1Inst/inst/clk12    | tangerineSOCInst/usbHostInst/usb_hid_host0Inst/ukp/sb[4]                                                                                                  |                                                                                                                                                          |                1 |              4 |         4.00 |
|  clk_wiz_0Inst/inst/clk25    | tangerineSOCInst/pixelGenInst/pgLetterYCount[3]_i_1_n_0                                                                                                   | reset_BUFG                                                                                                                                               |                1 |              4 |         4.00 |
|  clk_wiz_1Inst/inst/clk12    | tangerineSOCInst/usbHostInst/usb_hid_host0Inst/ukp/ukprom/state_reg[1]_0[0]                                                                               | tangerineSOCInst/usbHostInst/usb_hid_host0Inst/ukp/state[3]_i_1_n_0                                                                                      |                3 |              4 |         1.33 |
|  clk_wiz_0Inst/inst/clk100   | tangerineSOCInst/UARTInst/FSM_sequential_txState[3]_i_1_n_0                                                                                               | reset_BUFG                                                                                                                                               |                1 |              4 |         4.00 |
|  clk_wiz_0Inst/inst/clk100   | tangerineSOCInst/nekoRvInst/ready_reg[0]                                                                                                                  | tangerineSOCInst/nekoRvInst/ready_reg_0                                                                                                                  |                3 |              4 |         1.33 |
|  clk_wiz_0Inst/inst/clk100   | tangerineSOCInst/nekoRvInst/be_reg_8                                                                                                                      |                                                                                                                                                          |                1 |              4 |         4.00 |
|  clk_wiz_1Inst/inst/clk12    | tangerineSOCInst/usbHostInst/usb_hid_host0Inst/ukp/lb4w_3                                                                                                 |                                                                                                                                                          |                2 |              4 |         2.00 |
|  clk_wiz_1Inst/inst/clk12    | tangerineSOCInst/usbHostInst/usb_hid_host0Inst/ukp/ukprom/inst_ready_reg_0[0]                                                                             |                                                                                                                                                          |                1 |              4 |         4.00 |
|  clk_wiz_1Inst/inst/clk12    | tangerineSOCInst/usbHostInst/usb_hid_host0Inst/ukp/ukprom/data_reg_2[0]                                                                                   |                                                                                                                                                          |                2 |              4 |         2.00 |
|  clk_wiz_1Inst/inst/clk12    | tangerineSOCInst/usbHostInst/usb_hid_host0Inst/ukp/ukprom/state_reg[1][1]                                                                                 |                                                                                                                                                          |                3 |              4 |         1.33 |
|  clk_wiz_1Inst/inst/clk12    | tangerineSOCInst/usbHostInst/usb_hid_host0Inst/ukp/ukprom/state_reg[1][0]                                                                                 |                                                                                                                                                          |                1 |              4 |         4.00 |
|  clk_wiz_0Inst/inst/clk25    | tangerineSOCInst/pixelGenGfxInst/FSM_sequential_pggState[4]_i_1_n_0                                                                                       | reset_BUFG                                                                                                                                               |                4 |              5 |         1.25 |
|  clk_wiz_0Inst/inst/clk50    | tangerineSOCInst/nekoRvInst/be_reg_2                                                                                                                      |                                                                                                                                                          |                1 |              5 |         5.00 |
|  clk_wiz_0Inst/inst/clk50    | tangerineSOCInst/nekoRvInst/be_reg_2                                                                                                                      | tangerineSOCInst/nekoRvInst/a_reg[3]_0                                                                                                                   |                1 |              5 |         5.00 |
|  clk_wiz_0Inst/inst/clk50    | tangerineSOCInst/SPIInst/FSM_sequential_spiState[4]_i_1_n_0                                                                                               | reset_BUFG                                                                                                                                               |                2 |              5 |         2.50 |
|  clk_wiz_0Inst/inst/clk100   | tangerineSOCInst/nekoRvInst/be_reg_8                                                                                                                      | tangerineSOCInst/nekoRvInst/be_reg_5                                                                                                                     |                1 |              5 |         5.00 |
|  clk_wiz_0Inst/inst/clk100   | tangerineSOCInst/sdramDMAInst/sdcState                                                                                                                    | reset_BUFG                                                                                                                                               |                5 |              6 |         1.20 |
|  clk_wiz_0Inst/inst/clk100   | tangerineSOCInst/nekoRvInst/ready_reg[0]                                                                                                                  |                                                                                                                                                          |                2 |              6 |         3.00 |
|  clk_wiz_0Inst/inst/clk25    | tangerineSOCInst/pixelGenInst/FSM_sequential_pgState[5]_i_1_n_0                                                                                           | reset_BUFG                                                                                                                                               |                4 |              6 |         1.50 |
|  clk_wiz_0Inst/inst/clk125   |                                                                                                                                                           | dvidInst/shift_red[9]_i_1_n_0                                                                                                                            |                3 |              6 |         2.00 |
|  clk_wiz_1Inst/inst/clk12    |                                                                                                                                                           | reset_BUFG                                                                                                                                               |                5 |              6 |         1.20 |
|  clk_wiz_0Inst/inst/clk100   | tangerineSOCInst/nekoRvInst/E[0]                                                                                                                          |                                                                                                                                                          |                4 |              7 |         1.75 |
|  clk_wiz_1Inst/inst/clk12    | tangerineSOCInst/usbHostInst/usb_hid_host0Inst/ukp/ukprom/nrzrxct_reg[0]_1[0]                                                                             | reset_BUFG                                                                                                                                               |                2 |              7 |         3.50 |
|  clk_wiz_0Inst/inst/clk25    | clk_wiz_0Inst/inst/locked                                                                                                                                 |                                                                                                                                                          |                5 |              7 |         1.40 |
|  clk_wiz_0Inst/inst/clk25    | tangerineSOCInst/pixelGenGfxInst/gfxBufRamRdA[7]_i_2_n_0                                                                                                  | tangerineSOCInst/pixelGenGfxInst/gfxBufRamRdA[7]_i_1_n_0                                                                                                 |                1 |              8 |         8.00 |
|  clk_wiz_0Inst/inst/clk50    | tangerineSOCInst/nekoRvInst/wr_reg_3[0]                                                                                                                   |                                                                                                                                                          |                2 |              8 |         4.00 |
|  clk_wiz_0Inst/inst/clk25    | tangerineSOCInst/pixelGenInst/pgLetterData[7]_i_1_n_0                                                                                                     |                                                                                                                                                          |                2 |              8 |         4.00 |
|  clk_wiz_1Inst/inst/clk12    | tangerineSOCInst/usbHostInst/usb_hid_host0Inst/ukp/ukprom/nrzrxct_reg[0]_0[0]                                                                             |                                                                                                                                                          |                5 |              8 |         1.60 |
|  clk_wiz_0Inst/inst/clk100   | tangerineSOCInst/sdramDMAInst/ch3TransferCounter                                                                                                          | reset_BUFG                                                                                                                                               |                3 |              8 |         2.67 |
|  clk_wiz_1Inst/inst/clk12    | tangerineSOCInst/usbHostInst/usb_hid_host0Inst/ukp/rcvct_reg[0]_0[0]                                                                                      |                                                                                                                                                          |                4 |              8 |         2.00 |
|  clk_wiz_0Inst/inst/clk100   | tangerineSOCInst/nekoRvInst/a_reg[2]_2[0]                                                                                                                 | reset_BUFG                                                                                                                                               |                1 |              8 |         8.00 |
|  clk_wiz_0Inst/inst/clk50    | tangerineSOCInst/SPIInst/dataReceived[7]_i_1_n_0                                                                                                          |                                                                                                                                                          |                2 |              8 |         4.00 |
|  clk_wiz_0Inst/inst/clk100   | tangerineSOCInst/UARTInst/txBuffer                                                                                                                        | reset_BUFG                                                                                                                                               |                3 |              8 |         2.67 |
|  clk_wiz_0Inst/inst/clk50    | tangerineSOCInst/SPIInst/txBuffer                                                                                                                         | reset_BUFG                                                                                                                                               |                2 |              8 |         4.00 |
|  clk_wiz_0Inst/inst/clk100   | tangerineSOCInst/UARTInst/rxFiFoInst/U0/inst_fifo_gen/gconvfifo.rf/grf.rf/gntv_or_sync_fifo.gl0.rd/gr1.gr1_int.rfwft/gpregsm1.curr_fwft_state_reg[1]_0[0] | tangerineSOCInst/UARTInst/rxFiFoInst/U0/inst_fifo_gen/gconvfifo.rf/grf.rf/rstblk/ngwrdrst.grst.g7serrst.gsckt_wrst.gcc_rst.sckt_wr_rst_cc_reg[0]_0       |                2 |              8 |         4.00 |
|  clk_wiz_1Inst/inst/clk12    | tangerineSOCInst/usbHostInst/usb_hid_host0Inst/ukp/ukpdat[7]_i_1_n_0                                                                                      |                                                                                                                                                          |                3 |              8 |         2.67 |
|  clk_wiz_1Inst/inst/clk12    | tangerineSOCInst/usbHostInst/usb_hid_host0Inst/ukp/E[0]                                                                                                   |                                                                                                                                                          |                1 |              8 |         8.00 |
|  clk_wiz_0Inst/inst/clk100   | tangerineSOCInst/nekoRvInst/wr_reg_4[0]                                                                                                                   | reset_BUFG                                                                                                                                               |                3 |              8 |         2.67 |
|  clk_wiz_1Inst/inst/clk12    | tangerineSOCInst/usbHostInst/usb_hid_host0Inst/ukp/rcvct_reg[2]_0[0]                                                                                      |                                                                                                                                                          |                5 |              8 |         1.60 |
|  clk_wiz_1Inst/inst/clk12    | tangerineSOCInst/usbHostInst/usb_hid_host0Inst/ukp/rcvct_reg[1][0]                                                                                        |                                                                                                                                                          |                2 |              8 |         4.00 |
|  clk_wiz_0Inst/inst/clk100   | tangerineSOCInst/nekoRvInst/wr_reg_2[0]                                                                                                                   |                                                                                                                                                          |                2 |              8 |         4.00 |
|  clk_wiz_1Inst/inst/clk12    | tangerineSOCInst/usbHostInst/usb_hid_host0Inst/ukp/rcvct_reg[2][0]                                                                                        |                                                                                                                                                          |                3 |              8 |         2.67 |
|  clk_wiz_1Inst/inst/clk12    | tangerineSOCInst/usbHostInst/usb_hid_host0Inst/ukp/rcvct_reg[0][0]                                                                                        |                                                                                                                                                          |                3 |              8 |         2.67 |
|  clk_wiz_1Inst/inst/clk12    | tangerineSOCInst/usbHostInst/usb_hid_host0Inst/ukp/rcvct_reg[2]_1[0]                                                                                      |                                                                                                                                                          |                3 |              8 |         2.67 |
|  clk_wiz_1Inst/inst/clk12    | tangerineSOCInst/usbHostInst/usb_hid_host0Inst/ukp/save_reg_0[0]                                                                                          |                                                                                                                                                          |                2 |              8 |         4.00 |
|  clk_wiz_1Inst/inst/clk12    | tangerineSOCInst/usbHostInst/usb_hid_host0Inst/ukp/typ_reg[0]_0[0]                                                                                        |                                                                                                                                                          |                1 |              8 |         8.00 |
|  clk_wiz_1Inst/inst/clk12    | tangerineSOCInst/usbHostInst/usb_hid_host0Inst/ukp/save_r_reg[0]_0[0]                                                                                     |                                                                                                                                                          |                2 |              8 |         4.00 |
|  clk_wiz_1Inst/inst/clk12    | tangerineSOCInst/usbHostInst/usb_hid_host0Inst/ukp/save_r_reg[1]_0[0]                                                                                     |                                                                                                                                                          |                2 |              8 |         4.00 |
|  clk_wiz_1Inst/inst/clk12    | tangerineSOCInst/usbHostInst/usb_hid_host0Inst/ukp/rcvct_reg[2]_4[0]                                                                                      |                                                                                                                                                          |                1 |              8 |         8.00 |
|  clk_wiz_1Inst/inst/clk12    | tangerineSOCInst/usbHostInst/usb_hid_host0Inst/ukp/rcvct_reg[2]_3[0]                                                                                      |                                                                                                                                                          |                1 |              8 |         8.00 |
|  clk_wiz_1Inst/inst/clk12    | tangerineSOCInst/usbHostInst/usb_hid_host0Inst/ukp/rcvct_reg[2]_2[0]                                                                                      |                                                                                                                                                          |                3 |              8 |         2.67 |
|  clk_wiz_1Inst/inst/clk12    | tangerineSOCInst/usbHostInst/usb_hid_host0Inst/ukp/rcvct_reg[1]_0[0]                                                                                      |                                                                                                                                                          |                4 |              8 |         2.00 |
|  clk_wiz_0Inst/inst/clk50    |                                                                                                                                                           | tangerineSOCInst/tickTimerPrescalerCounter[15]_i_1_n_0                                                                                                   |                3 |              9 |         3.00 |
|  clk_wiz_0Inst/inst/clk100   | tangerineSOCInst/sdramDMAInst/ch3DmaBufPointer                                                                                                            | reset_BUFG                                                                                                                                               |                3 |              9 |         3.00 |
|  clk_wiz_0Inst/inst/clk100   | tangerineSOCInst/sdramDMAInst/ch3BufRamWrA[8]_i_1_n_0                                                                                                     | reset_BUFG                                                                                                                                               |                2 |              9 |         4.50 |
|  clk_wiz_0Inst/inst/clk25    | tangerineSOCInst/pixelGenGfxInst/pggGfxBufAddressCounter[8]_i_1_n_0                                                                                       | reset_BUFG                                                                                                                                               |                4 |              9 |         2.25 |
|  clk_wiz_0Inst/inst/clk50    |                                                                                                                                                           | reset_BUFG                                                                                                                                               |                4 |             10 |         2.50 |
|  clk_wiz_1Inst/inst/clk12    | tangerineSOCInst/usbHostInst/usb_hid_host0Inst/ukp/ukprom/mbit_reg[0][0]                                                                                  |                                                                                                                                                          |                4 |             10 |         2.50 |
|  clk_wiz_1Inst/inst/clk12    | tangerineSOCInst/usbHostInst/usb_hid_host0Inst/ukp/ukprom/E[0]                                                                                            |                                                                                                                                                          |                4 |             10 |         2.50 |
|  clk_wiz_0Inst/inst/clk25    | tangerineSOCInst/pixelGenInst/fontRomA[10]_i_1_n_0                                                                                                        |                                                                                                                                                          |                3 |             11 |         3.67 |
|  clk_wiz_0Inst/inst/clk100   |                                                                                                                                                           | tangerineSOCInst/usbHostInst/keyboardFifoinst/U0/inst_fifo_gen/gconvfifo.rf/grf.rf/rstblk/SR[0]                                                          |                2 |             11 |         5.50 |
|  clk_wiz_0Inst/inst/clk25    |                                                                                                                                                           | tangerineSOCInst/pixelGenInst/pgXCount[0]_i_1_n_0                                                                                                        |                3 |             12 |         4.00 |
|  clk_wiz_0Inst/inst/clk100   | tangerineSOCInst/sdramDMAInst/sdramA[12]_i_1_n_0                                                                                                          | reset_BUFG                                                                                                                                               |                6 |             12 |         2.00 |
|  clk_wiz_0Inst/inst/clk25    | tangerineSOCInst/pixelGenInst/pgR[7]_i_1_n_0                                                                                                              |                                                                                                                                                          |               10 |             12 |         1.20 |
|  clk_wiz_0Inst/inst/clk25    | tangerineSOCInst/pixelGenInst/pgYCount[0]_i_2_n_0                                                                                                         | tangerineSOCInst/pixelGenInst/pgYCount[0]_i_1_n_0                                                                                                        |                3 |             12 |         4.00 |
|  clk_wiz_0Inst/inst/clk100   | tangerineSOCInst/sdramDMAInst/refreshCounter[0]_i_1_n_0                                                                                                   | reset_BUFG                                                                                                                                               |                3 |             12 |         4.00 |
|  clk_wiz_0Inst/inst/clk25    | tangerineSOCInst/pixelGenInst/pgDisplayPtrShadow[13]_i_1_n_0                                                                                              | reset_BUFG                                                                                                                                               |                2 |             14 |         7.00 |
|  clk_wiz_1Inst/inst/clk12    | clk_wiz_0Inst/inst/locked                                                                                                                                 | tangerineSOCInst/usbHostInst/usb_hid_host0Inst/ukp/interval                                                                                              |                4 |             14 |         3.50 |
|  clk_wiz_0Inst/inst/clk25    | tangerineSOCInst/pixelGenInst/videoRamBA[13]_i_1_n_0                                                                                                      |                                                                                                                                                          |                3 |             14 |         4.67 |
|  clk_wiz_0Inst/inst/clk100   |                                                                                                                                                           | tangerineSOCInst/UARTInst/rxFiFoInst/U0/inst_fifo_gen/gconvfifo.rf/grf.rf/rstblk/ngwrdrst.grst.g7serrst.gsckt_wrst.gcc_rst.sckt_wr_rst_cc_reg[0]_0       |                7 |             14 |         2.00 |
|  clk_wiz_0Inst/inst/clk25    | tangerineSOCInst/pixelGenInst/pgDisplayPtr[13]_i_1_n_0                                                                                                    | reset_BUFG                                                                                                                                               |                5 |             14 |         2.80 |
|  clk_wiz_0Inst/inst/clk100   | tangerineSOCInst/sdramDMAInst/resetCounter                                                                                                                | reset_BUFG                                                                                                                                               |                4 |             16 |         4.00 |
|  clk_wiz_0Inst/inst/clk100   | tangerineSOCInst/nekoRvInst/wr_reg_6[0]                                                                                                                   | reset_BUFG                                                                                                                                               |                3 |             16 |         5.33 |
|  clk_wiz_0Inst/inst/clk25    | tangerineSOCInst/pixelGenGfxInst/pggR[7]_i_1_n_0                                                                                                          |                                                                                                                                                          |                7 |             16 |         2.29 |
|  clk_wiz_0Inst/inst/clk100   | tangerineSOCInst/sel                                                                                                                                      | reset_BUFG                                                                                                                                               |                4 |             16 |         4.00 |
|  clk_wiz_0Inst/inst/clk100   | tangerineSOCInst/UARTInst/rxFiFoInst/U0/inst_fifo_gen/gconvfifo.rf/grf.rf/gntv_or_sync_fifo.gl0.rd/gr1.gr1_int.rfwft/E[0]                                 | tangerineSOCInst/UARTInst/rxFiFoInst/U0/inst_fifo_gen/gconvfifo.rf/grf.rf/rstblk/ngwrdrst.grst.g7serrst.gsckt_wrst.gcc_rst.sckt_wr_rst_cc_reg[0]_0       |                4 |             16 |         4.00 |
|  clk_wiz_0Inst/inst/clk100   | tangerineSOCInst/UARTInst/rxFiFoInst/U0/inst_fifo_gen/gconvfifo.rf/grf.rf/gntv_or_sync_fifo.gl0.wr/gwss.wsts/E[0]                                         | tangerineSOCInst/UARTInst/rxFiFoInst/U0/inst_fifo_gen/gconvfifo.rf/grf.rf/rstblk/ngwrdrst.grst.g7serrst.gsckt_wrst.gcc_rst.sckt_wr_rst_cc_reg[0]_0       |                3 |             16 |         5.33 |
|  clk_wiz_0Inst/inst/clk100   | tangerineSOCInst/UARTInst/txBaudCounter                                                                                                                   | reset_BUFG                                                                                                                                               |                6 |             16 |         2.67 |
|  clk_wiz_0Inst/inst/clk100   | tangerineSOCInst/usbHostInst/keyboardFifoinst/U0/inst_fifo_gen/gconvfifo.rf/grf.rf/gntv_or_sync_fifo.gl0.rd/gr1.gr1_int.rfwft/ram_empty_fb_i_reg[0]       | tangerineSOCInst/usbHostInst/keyboardFifoinst/U0/inst_fifo_gen/gconvfifo.rf/grf.rf/rstblk/SR[0]                                                          |                4 |             16 |         4.00 |
|  clk_wiz_0Inst/inst/clk100   | tangerineSOCInst/UARTInst/rxdSyncInst/FSM_sequential_rxState_reg[1][0]                                                                                    | reset_BUFG                                                                                                                                               |                6 |             16 |         2.67 |
|  clk_wiz_0Inst/inst/clk25    | tangerineSOCInst/pixelGenInst/pgBackgroundColor[23]_i_1_n_0                                                                                               |                                                                                                                                                          |                3 |             18 |         6.00 |
|  clk_wiz_0Inst/inst/clk100   |                                                                                                                                                           | reset_BUFG                                                                                                                                               |               17 |             19 |         1.12 |
|  clk_wiz_0Inst/inst/clk100   | tangerineSOCInst/nekoRvInst/E[0]                                                                                                                          | tangerineSOCInst/nekoRvInst/a_reg[7]_0                                                                                                                   |                6 |             19 |         3.17 |
|  clk_wiz_0Inst/inst/clk25    |                                                                                                                                                           | tangerineSOCInst/blank                                                                                                                                   |               15 |             21 |         1.40 |
|  clk_wiz_1Inst/inst/clk12    |                                                                                                                                                           |                                                                                                                                                          |               14 |             23 |         1.64 |
|  clk_wiz_0Inst/inst/clk50    |                                                                                                                                                           | tangerineSOCInst/tickTimerPrescalerCounter[21]                                                                                                           |                8 |             23 |         2.88 |
|  clk_wiz_0Inst/inst/clk100   | tangerineSOCInst/nekoRvInst/be_reg_8                                                                                                                      | tangerineSOCInst/nekoRvInst/be_reg_4                                                                                                                     |                4 |             23 |         5.75 |
|  clk_wiz_0Inst/inst/clk100   | tangerineSOCInst/sdramDMAInst/ch3DmaPointer                                                                                                               | reset_BUFG                                                                                                                                               |                8 |             24 |         3.00 |
|  clk_wiz_0Inst/inst/clk25    |                                                                                                                                                           | reset_BUFG                                                                                                                                               |               15 |             24 |         1.60 |
|  clk_wiz_0Inst/inst/clk100   | tangerineSOCInst/usbHostInst/keyboardFifoinst/U0/inst_fifo_gen/gconvfifo.rf/grf.rf/gntv_or_sync_fifo.gl0.wr/gwas.wsts/E[0]                                | tangerineSOCInst/usbHostInst/keyboardFifoinst/U0/inst_fifo_gen/gconvfifo.rf/grf.rf/rstblk/ngwrdrst.grst.g7serrst.gsckt_wrst.gic_rst.sckt_wr_rst_ic_reg_0 |                6 |             24 |         4.00 |
|  clk_wiz_0Inst/inst/clk100   | tangerineSOCInst/nekoRvInst/a_reg[3]_1[0]                                                                                                                 | reset_BUFG                                                                                                                                               |                4 |             24 |         6.00 |
|  clk_wiz_1Inst/inst/clk12    | clk_wiz_0Inst/inst/locked                                                                                                                                 | tangerineSOCInst/usbHostInst/usb_hid_host0Inst/ukp/ukprom/conct                                                                                          |                6 |             24 |         4.00 |
|  clk_wiz_0Inst/inst/clk100   | tangerineSOCInst/nekoRvInst/regs_reg[22]0                                                                                                                 |                                                                                                                                                          |               10 |             32 |         3.20 |
|  clk_wiz_0Inst/inst/clk100   | tangerineSOCInst/nekoRvInst/regs_reg[7]0                                                                                                                  |                                                                                                                                                          |                8 |             32 |         4.00 |
|  clk_wiz_0Inst/inst/clk100   | tangerineSOCInst/nekoRvInst/regs_reg[9]0                                                                                                                  |                                                                                                                                                          |                7 |             32 |         4.57 |
|  clk_wiz_0Inst/inst/clk100   | tangerineSOCInst/nekoRvInst/regs_reg[19]0                                                                                                                 |                                                                                                                                                          |               14 |             32 |         2.29 |
|  clk_wiz_0Inst/inst/clk100   | tangerineSOCInst/nekoRvInst/regs_reg[24]0                                                                                                                 |                                                                                                                                                          |                9 |             32 |         3.56 |
|  clk_wiz_0Inst/inst/clk100   | tangerineSOCInst/nekoRvInst/regs_reg[5]0                                                                                                                  |                                                                                                                                                          |                6 |             32 |         5.33 |
|  clk_wiz_0Inst/inst/clk50    | tangerineSOCInst/tickTimerCounter[0]_i_1_n_0                                                                                                              | tangerineSOCInst/tickTimerPrescalerCounter[15]_i_1_n_0                                                                                                   |                8 |             32 |         4.00 |
|  clk_wiz_0Inst/inst/clk100   | tangerineSOCInst/nekoRvInst/regs_reg[4]0                                                                                                                  |                                                                                                                                                          |               11 |             32 |         2.91 |
|  clk_wiz_0Inst/inst/clk100   | tangerineSOCInst/nekoRvInst/regs_reg[3]0                                                                                                                  |                                                                                                                                                          |                8 |             32 |         4.00 |
|  clk_wiz_0Inst/inst/clk100   | tangerineSOCInst/nekoRvInst/regs_reg[27]0                                                                                                                 |                                                                                                                                                          |                9 |             32 |         3.56 |
|  clk_wiz_0Inst/inst/clk100   | tangerineSOCInst/nekoRvInst/regs_reg[20]0                                                                                                                 |                                                                                                                                                          |               12 |             32 |         2.67 |
|  clk_wiz_0Inst/inst/clk100   | tangerineSOCInst/nekoRvInst/regs_reg[21]0                                                                                                                 |                                                                                                                                                          |                9 |             32 |         3.56 |
|  clk_wiz_0Inst/inst/clk100   | tangerineSOCInst/nekoRvInst/regs_reg[1]0                                                                                                                  |                                                                                                                                                          |                9 |             32 |         3.56 |
|  clk_wiz_0Inst/inst/clk100   | tangerineSOCInst/nekoRvInst/regs_reg[29]0                                                                                                                 |                                                                                                                                                          |                6 |             32 |         5.33 |
|  clk_wiz_0Inst/inst/clk100   | tangerineSOCInst/nekoRvInst/regs_reg[23]0                                                                                                                 |                                                                                                                                                          |               15 |             32 |         2.13 |
|  clk_wiz_0Inst/inst/clk100   | tangerineSOCInst/sdramDMAInst/ch3BufRamDin[31]_i_1_n_0                                                                                                    | reset_BUFG                                                                                                                                               |                9 |             32 |         3.56 |
|  clk_wiz_0Inst/inst/clk100   | tangerineSOCInst/usbHostInst/fifoHidKeyboardSyncState                                                                                                     | reset_BUFG                                                                                                                                               |                5 |             32 |         6.40 |
|  clk_wiz_0Inst/inst/clk100   | tangerineSOCInst/usbHostInst/keyboardFifoinst/U0/inst_fifo_gen/gconvfifo.rf/grf.rf/gntv_or_sync_fifo.gl0.rd/gr1.gr1_int.rfwft/E[0]                        | tangerineSOCInst/usbHostInst/keyboardFifoinst/U0/inst_fifo_gen/gconvfifo.rf/grf.rf/rstblk/SR[0]                                                          |                8 |             32 |         4.00 |
|  clk_wiz_0Inst/inst/clk100ps |                                                                                                                                                           |                                                                                                                                                          |               24 |             32 |         1.33 |
|  clk_wiz_0Inst/inst/clk100   | tangerineSOCInst/sdramDMAInst/sdramD_tristate_oe[31]_i_1_n_0                                                                                              |                                                                                                                                                          |               13 |             32 |         2.46 |
|  clk_wiz_0Inst/inst/clk100   | tangerineSOCInst/pixelGenInst/frameTimerValue0                                                                                                            | tangerineSOCInst/frameTimerReset_reg_n_0                                                                                                                 |                8 |             32 |         4.00 |
|  clk_wiz_0Inst/inst/clk100   | tangerineSOCInst/sdramDMAInst/ch0Dout[31]_i_1_n_0                                                                                                         | reset_BUFG                                                                                                                                               |               22 |             32 |         1.45 |
|  clk_wiz_0Inst/inst/clk100   | tangerineSOCInst/nekoRvInst/divR0                                                                                                                         | tangerineSOCInst/nekoRvInst/divR[31]_i_1_n_0                                                                                                             |                7 |             32 |         4.57 |
|  clk_wiz_0Inst/inst/clk100   | tangerineSOCInst/nekoRvInst/dout0                                                                                                                         |                                                                                                                                                          |               11 |             32 |         2.91 |
|  clk_wiz_0Inst/inst/clk100   | tangerineSOCInst/nekoRvInst/regs_reg[18]0                                                                                                                 |                                                                                                                                                          |               14 |             32 |         2.29 |
|  clk_wiz_0Inst/inst/clk100   | tangerineSOCInst/nekoRvInst/pc[31]_i_1_n_0                                                                                                                | tangerineSOCInst/nekoRvInst/AR[0]                                                                                                                        |               12 |             32 |         2.67 |
|  clk_wiz_0Inst/inst/clk100   | tangerineSOCInst/nekoRvInst/a_reg[2]_3[0]                                                                                                                 | reset_BUFG                                                                                                                                               |               14 |             32 |         2.29 |
|  clk_wiz_0Inst/inst/clk100   | tangerineSOCInst/nekoRvInst/rdVal[31]_i_1_n_0                                                                                                             |                                                                                                                                                          |               22 |             32 |         1.45 |
|  clk_wiz_0Inst/inst/clk100   | tangerineSOCInst/nekoRvInst/regs_reg[6]0                                                                                                                  |                                                                                                                                                          |                5 |             32 |         6.40 |
|  clk_wiz_0Inst/inst/clk100   | tangerineSOCInst/nekoRvInst/regs[2]_31                                                                                                                    | tangerineSOCInst/nekoRvInst/AR[0]                                                                                                                        |                8 |             32 |         4.00 |
|  clk_wiz_0Inst/inst/clk100   | tangerineSOCInst/nekoRvInst/regs[31][31]_i_1_n_0                                                                                                          |                                                                                                                                                          |               11 |             32 |         2.91 |
|  clk_wiz_0Inst/inst/clk100   | tangerineSOCInst/nekoRvInst/regs_reg[11]0                                                                                                                 |                                                                                                                                                          |               14 |             32 |         2.29 |
|  clk_wiz_0Inst/inst/clk100   | tangerineSOCInst/nekoRvInst/regs_reg[10]0                                                                                                                 |                                                                                                                                                          |               12 |             32 |         2.67 |
|  clk_wiz_0Inst/inst/clk100   | tangerineSOCInst/nekoRvInst/regs_reg[12]0                                                                                                                 |                                                                                                                                                          |               12 |             32 |         2.67 |
|  clk_wiz_0Inst/inst/clk100   | tangerineSOCInst/nekoRvInst/regs_reg[13]0                                                                                                                 |                                                                                                                                                          |               11 |             32 |         2.91 |
|  clk_wiz_0Inst/inst/clk25    | tangerineSOCInst/pixelGenGfxInst/pggPixelData                                                                                                             | reset_BUFG                                                                                                                                               |                7 |             32 |         4.57 |
|  clk_wiz_0Inst/inst/clk100   | tangerineSOCInst/nekoRvInst/regs_reg[14]0                                                                                                                 |                                                                                                                                                          |                9 |             32 |         3.56 |
|  clk_wiz_0Inst/inst/clk100   | tangerineSOCInst/nekoRvInst/regs_reg[15]0                                                                                                                 |                                                                                                                                                          |               14 |             32 |         2.29 |
|  clk_wiz_0Inst/inst/clk100   | tangerineSOCInst/nekoRvInst/regs_reg[17]0                                                                                                                 |                                                                                                                                                          |               10 |             32 |         3.20 |
|  clk_wiz_0Inst/inst/clk100   | tangerineSOCInst/nekoRvInst/regs_reg[16]0                                                                                                                 |                                                                                                                                                          |                8 |             32 |         4.00 |
|  clk_wiz_0Inst/inst/clk100   | tangerineSOCInst/nekoRvInst/regs_reg[28]0                                                                                                                 |                                                                                                                                                          |               10 |             32 |         3.20 |
|  clk_wiz_0Inst/inst/clk100   | tangerineSOCInst/nekoRvInst/regs_reg[30]0                                                                                                                 |                                                                                                                                                          |                7 |             32 |         4.57 |
|  clk_wiz_0Inst/inst/clk100   | tangerineSOCInst/nekoRvInst/regs_reg[26]0                                                                                                                 |                                                                                                                                                          |                8 |             32 |         4.00 |
|  clk_wiz_0Inst/inst/clk100   | tangerineSOCInst/nekoRvInst/regs_reg[25]0                                                                                                                 |                                                                                                                                                          |                9 |             32 |         3.56 |
|  clk_wiz_0Inst/inst/clk100   | tangerineSOCInst/nekoRvInst/regs_reg[8]0                                                                                                                  |                                                                                                                                                          |                9 |             32 |         3.56 |
|  clk_wiz_0Inst/inst/clk125   |                                                                                                                                                           |                                                                                                                                                          |                6 |             34 |         5.67 |
|  clk_wiz_0Inst/inst/clk100   | tangerineSOCInst/nekoRvInst/a0                                                                                                                            |                                                                                                                                                          |               17 |             34 |         2.00 |
|  clk_wiz_0Inst/inst/clk100   | tangerineSOCInst/nekoRvInst/wr_reg_5[0]                                                                                                                   | reset_BUFG                                                                                                                                               |               13 |             35 |         2.69 |
|  clk_wiz_0Inst/inst/clk100   | tangerineSOCInst/nekoRvInst/dataFetchAddr[31]_i_1_n_0                                                                                                     |                                                                                                                                                          |               16 |             64 |         4.00 |
|  clk_wiz_0Inst/inst/clk100   | tangerineSOCInst/nekoRvInst/divQSign03_out                                                                                                                |                                                                                                                                                          |               27 |             66 |         2.44 |
|  clk_wiz_0Inst/inst/clk100   | tangerineSOCInst/nekoRvInst/funct7_reg[6]_0[0]                                                                                                            | tangerineSOCInst/nekoRvInst/AR[0]                                                                                                                        |               24 |             71 |         2.96 |
|  clk_wiz_0Inst/inst/clk25    |                                                                                                                                                           |                                                                                                                                                          |               27 |             72 |         2.67 |
|  clk_wiz_0Inst/inst/clk100   |                                                                                                                                                           |                                                                                                                                                          |               67 |            195 |         2.91 |
|  clk_wiz_0Inst/inst/clk100   | tangerineSOCInst/nekoRvInst/opcode0                                                                                                                       |                                                                                                                                                          |              144 |            488 |         3.39 |
+------------------------------+-----------------------------------------------------------------------------------------------------------------------------------------------------------+----------------------------------------------------------------------------------------------------------------------------------------------------------+------------------+----------------+--------------+


