#-----------------------------------------------------------
# Vivado v2023.2 (64-bit)
# SW Build 4029153 on Fri Oct 13 20:14:34 MDT 2023
# IP Build 4028589 on Sat Oct 14 00:45:43 MDT 2023
# SharedData Build 4025554 on Tue Oct 10 17:18:54 MDT 2023
# Start of session at: Thu Sep 26 20:36:39 2024
# Process ID: 27588
# Current directory: C:/Users/qubec/Documents/Development/ProjektyVHDL/A7BaseBoard/tangerineA7_200/tangerineA7_200.runs/impl_1
# Command line: vivado.exe -log A7BoardTop.vdi -applog -product Vivado -messageDb vivado.pb -mode batch -source A7BoardTop.tcl -notrace
# Log file: C:/Users/qubec/Documents/Development/ProjektyVHDL/A7BaseBoard/tangerineA7_200/tangerineA7_200.runs/impl_1/A7BoardTop.vdi
# Journal file: C:/Users/qubec/Documents/Development/ProjektyVHDL/A7BaseBoard/tangerineA7_200/tangerineA7_200.runs/impl_1\vivado.jou
# Running On: Desktop-qUBECk, OS: Windows, CPU Frequency: 4104 MHz, CPU Physical cores: 6, Host memory: 34266 MB
#-----------------------------------------------------------
source A7BoardTop.tcl -notrace
